------------------------------------------------------------
Timing Analyzer Summary
------------------------------------------------------------

Type  : Slow 1100mV 85C Model Setup 'u_ClockManager|u_dcm|auto_generated|generic_pll2~PLL_OUTPUT_COUNTER|divclk'
Slack : 0.544
TNS   : 0.000

Type  : Slow 1100mV 85C Model Setup 'u_ClockManager|u_dcm|auto_generated|generic_pll1~PLL_OUTPUT_COUNTER|divclk'
Slack : 2.958
TNS   : 0.000

Type  : Slow 1100mV 85C Model Setup 'altera_reserved_tck'
Slack : 9.947
TNS   : 0.000

Type  : Slow 1100mV 85C Model Hold 'u_ClockManager|u_dcm|auto_generated|generic_pll1~PLL_OUTPUT_COUNTER|divclk'
Slack : 0.356
TNS   : 0.000

Type  : Slow 1100mV 85C Model Hold 'u_ClockManager|u_dcm|auto_generated|generic_pll2~PLL_OUTPUT_COUNTER|divclk'
Slack : 0.357
TNS   : 0.000

Type  : Slow 1100mV 85C Model Hold 'altera_reserved_tck'
Slack : 0.463
TNS   : 0.000

Type  : Slow 1100mV 85C Model Recovery 'altera_reserved_tck'
Slack : 27.207
TNS   : 0.000

Type  : Slow 1100mV 85C Model Removal 'altera_reserved_tck'
Slack : 1.115
TNS   : 0.000

Type  : Slow 1100mV 85C Model Minimum Pulse Width 'u_ClockManager|u_dcm|auto_generated|generic_pll1~FRACTIONAL_PLL|vcoph[0]'
Slack : 1.333
TNS   : 0.000

Type  : Slow 1100mV 85C Model Minimum Pulse Width 'u_ClockManager|u_dcm|auto_generated|generic_pll2~PLL_OUTPUT_COUNTER|divclk'
Slack : 2.348
TNS   : 0.000

Type  : Slow 1100mV 85C Model Minimum Pulse Width 'sysclk'
Slack : 9.947
TNS   : 0.000

Type  : Slow 1100mV 85C Model Minimum Pulse Width 'altera_reserved_tck'
Slack : 15.089
TNS   : 0.000

Type  : Slow 1100mV 85C Model Minimum Pulse Width 'u_ClockManager|u_dcm|auto_generated|generic_pll1~PLL_OUTPUT_COUNTER|divclk'
Slack : 18.363
TNS   : 0.000

Type  : Slow 1100mV 0C Model Setup 'u_ClockManager|u_dcm|auto_generated|generic_pll2~PLL_OUTPUT_COUNTER|divclk'
Slack : 0.363
TNS   : 0.000

Type  : Slow 1100mV 0C Model Setup 'u_ClockManager|u_dcm|auto_generated|generic_pll1~PLL_OUTPUT_COUNTER|divclk'
Slack : 3.123
TNS   : 0.000

Type  : Slow 1100mV 0C Model Setup 'altera_reserved_tck'
Slack : 10.025
TNS   : 0.000

Type  : Slow 1100mV 0C Model Hold 'u_ClockManager|u_dcm|auto_generated|generic_pll1~PLL_OUTPUT_COUNTER|divclk'
Slack : 0.347
TNS   : 0.000

Type  : Slow 1100mV 0C Model Hold 'u_ClockManager|u_dcm|auto_generated|generic_pll2~PLL_OUTPUT_COUNTER|divclk'
Slack : 0.348
TNS   : 0.000

Type  : Slow 1100mV 0C Model Hold 'altera_reserved_tck'
Slack : 0.437
TNS   : 0.000

Type  : Slow 1100mV 0C Model Recovery 'altera_reserved_tck'
Slack : 27.501
TNS   : 0.000

Type  : Slow 1100mV 0C Model Removal 'altera_reserved_tck'
Slack : 0.967
TNS   : 0.000

Type  : Slow 1100mV 0C Model Minimum Pulse Width 'u_ClockManager|u_dcm|auto_generated|generic_pll1~FRACTIONAL_PLL|vcoph[0]'
Slack : 1.333
TNS   : 0.000

Type  : Slow 1100mV 0C Model Minimum Pulse Width 'u_ClockManager|u_dcm|auto_generated|generic_pll2~PLL_OUTPUT_COUNTER|divclk'
Slack : 2.318
TNS   : 0.000

Type  : Slow 1100mV 0C Model Minimum Pulse Width 'sysclk'
Slack : 9.920
TNS   : 0.000

Type  : Slow 1100mV 0C Model Minimum Pulse Width 'altera_reserved_tck'
Slack : 15.081
TNS   : 0.000

Type  : Slow 1100mV 0C Model Minimum Pulse Width 'u_ClockManager|u_dcm|auto_generated|generic_pll1~PLL_OUTPUT_COUNTER|divclk'
Slack : 18.320
TNS   : 0.000

Type  : Fast 1100mV 85C Model Setup 'u_ClockManager|u_dcm|auto_generated|generic_pll2~PLL_OUTPUT_COUNTER|divclk'
Slack : 4.697
TNS   : 0.000

Type  : Fast 1100mV 85C Model Setup 'u_ClockManager|u_dcm|auto_generated|generic_pll1~PLL_OUTPUT_COUNTER|divclk'
Slack : 5.112
TNS   : 0.000

Type  : Fast 1100mV 85C Model Setup 'altera_reserved_tck'
Slack : 13.658
TNS   : 0.000

Type  : Fast 1100mV 85C Model Hold 'altera_reserved_tck'
Slack : 0.139
TNS   : 0.000

Type  : Fast 1100mV 85C Model Hold 'u_ClockManager|u_dcm|auto_generated|generic_pll2~PLL_OUTPUT_COUNTER|divclk'
Slack : 0.154
TNS   : 0.000

Type  : Fast 1100mV 85C Model Hold 'u_ClockManager|u_dcm|auto_generated|generic_pll1~PLL_OUTPUT_COUNTER|divclk'
Slack : 0.169
TNS   : 0.000

Type  : Fast 1100mV 85C Model Recovery 'altera_reserved_tck'
Slack : 30.075
TNS   : 0.000

Type  : Fast 1100mV 85C Model Removal 'altera_reserved_tck'
Slack : 0.395
TNS   : 0.000

Type  : Fast 1100mV 85C Model Minimum Pulse Width 'u_ClockManager|u_dcm|auto_generated|generic_pll1~FRACTIONAL_PLL|vcoph[0]'
Slack : 1.333
TNS   : 0.000

Type  : Fast 1100mV 85C Model Minimum Pulse Width 'u_ClockManager|u_dcm|auto_generated|generic_pll2~PLL_OUTPUT_COUNTER|divclk'
Slack : 2.881
TNS   : 0.000

Type  : Fast 1100mV 85C Model Minimum Pulse Width 'sysclk'
Slack : 9.643
TNS   : 0.000

Type  : Fast 1100mV 85C Model Minimum Pulse Width 'altera_reserved_tck'
Slack : 15.051
TNS   : 0.000

Type  : Fast 1100mV 85C Model Minimum Pulse Width 'u_ClockManager|u_dcm|auto_generated|generic_pll1~PLL_OUTPUT_COUNTER|divclk'
Slack : 18.886
TNS   : 0.000

Type  : Fast 1100mV 0C Model Setup 'u_ClockManager|u_dcm|auto_generated|generic_pll2~PLL_OUTPUT_COUNTER|divclk'
Slack : 4.926
TNS   : 0.000

Type  : Fast 1100mV 0C Model Setup 'u_ClockManager|u_dcm|auto_generated|generic_pll1~PLL_OUTPUT_COUNTER|divclk'
Slack : 5.450
TNS   : 0.000

Type  : Fast 1100mV 0C Model Setup 'altera_reserved_tck'
Slack : 13.872
TNS   : 0.000

Type  : Fast 1100mV 0C Model Hold 'altera_reserved_tck'
Slack : 0.093
TNS   : 0.000

Type  : Fast 1100mV 0C Model Hold 'u_ClockManager|u_dcm|auto_generated|generic_pll2~PLL_OUTPUT_COUNTER|divclk'
Slack : 0.140
TNS   : 0.000

Type  : Fast 1100mV 0C Model Hold 'u_ClockManager|u_dcm|auto_generated|generic_pll1~PLL_OUTPUT_COUNTER|divclk'
Slack : 0.154
TNS   : 0.000

Type  : Fast 1100mV 0C Model Recovery 'altera_reserved_tck'
Slack : 30.417
TNS   : 0.000

Type  : Fast 1100mV 0C Model Removal 'altera_reserved_tck'
Slack : 0.331
TNS   : 0.000

Type  : Fast 1100mV 0C Model Minimum Pulse Width 'u_ClockManager|u_dcm|auto_generated|generic_pll1~FRACTIONAL_PLL|vcoph[0]'
Slack : 1.333
TNS   : 0.000

Type  : Fast 1100mV 0C Model Minimum Pulse Width 'u_ClockManager|u_dcm|auto_generated|generic_pll2~PLL_OUTPUT_COUNTER|divclk'
Slack : 2.880
TNS   : 0.000

Type  : Fast 1100mV 0C Model Minimum Pulse Width 'sysclk'
Slack : 9.632
TNS   : 0.000

Type  : Fast 1100mV 0C Model Minimum Pulse Width 'altera_reserved_tck'
Slack : 15.088
TNS   : 0.000

Type  : Fast 1100mV 0C Model Minimum Pulse Width 'u_ClockManager|u_dcm|auto_generated|generic_pll1~PLL_OUTPUT_COUNTER|divclk'
Slack : 18.884
TNS   : 0.000

------------------------------------------------------------
