------------------------------------------------------------
Timing Analyzer Summary
------------------------------------------------------------

Type  : Slow 1100mV 85C Model Setup 'clk_b'
Slack : -2.721
TNS   : -201.334

Type  : Slow 1100mV 85C Model Setup 'clk_a'
Slack : -1.936
TNS   : -186.719

Type  : Slow 1100mV 85C Model Hold 'clk_a'
Slack : 0.518
TNS   : 0.000

Type  : Slow 1100mV 85C Model Hold 'clk_b'
Slack : 0.518
TNS   : 0.000

Type  : Slow 1100mV 85C Model Minimum Pulse Width 'clk_b'
Slack : -3.166
TNS   : -845.681

Type  : Slow 1100mV 85C Model Minimum Pulse Width 'clk_a'
Slack : -3.166
TNS   : -677.283

Type  : Slow 1100mV 0C Model Setup 'clk_b'
Slack : -2.785
TNS   : -194.459

Type  : Slow 1100mV 0C Model Setup 'clk_a'
Slack : -2.083
TNS   : -165.814

Type  : Slow 1100mV 0C Model Hold 'clk_a'
Slack : 0.418
TNS   : 0.000

Type  : Slow 1100mV 0C Model Hold 'clk_b'
Slack : 0.533
TNS   : 0.000

Type  : Slow 1100mV 0C Model Minimum Pulse Width 'clk_b'
Slack : -3.166
TNS   : -844.809

Type  : Slow 1100mV 0C Model Minimum Pulse Width 'clk_a'
Slack : -3.166
TNS   : -677.333

Type  : Fast 1100mV 85C Model Setup 'clk_b'
Slack : -0.715
TNS   : -17.542

Type  : Fast 1100mV 85C Model Setup 'clk_a'
Slack : -0.265
TNS   : -5.816

Type  : Fast 1100mV 85C Model Hold 'clk_a'
Slack : 0.154
TNS   : 0.000

Type  : Fast 1100mV 85C Model Hold 'clk_b'
Slack : 0.182
TNS   : 0.000

Type  : Fast 1100mV 85C Model Minimum Pulse Width 'clk_b'
Slack : -2.174
TNS   : -522.295

Type  : Fast 1100mV 85C Model Minimum Pulse Width 'clk_a'
Slack : -2.174
TNS   : -411.391

Type  : Fast 1100mV 0C Model Setup 'clk_b'
Slack : -0.586
TNS   : -10.865

Type  : Fast 1100mV 0C Model Setup 'clk_a'
Slack : -0.167
TNS   : -1.713

Type  : Fast 1100mV 0C Model Hold 'clk_a'
Slack : 0.099
TNS   : 0.000

Type  : Fast 1100mV 0C Model Hold 'clk_b'
Slack : 0.173
TNS   : 0.000

Type  : Fast 1100mV 0C Model Minimum Pulse Width 'clk_b'
Slack : -2.174
TNS   : -522.395

Type  : Fast 1100mV 0C Model Minimum Pulse Width 'clk_a'
Slack : -2.174
TNS   : -411.512

------------------------------------------------------------
