------------------------------------------------------------
Timing Analyzer Summary
------------------------------------------------------------

Type  : Slow 1100mV 85C Model Setup 'clk'
Slack : -1.746
TNS   : -405.735

Type  : Slow 1100mV 85C Model Hold 'clk'
Slack : 0.510
TNS   : 0.000

Type  : Slow 1100mV 85C Model Minimum Pulse Width 'clk'
Slack : -3.166
TNS   : -1354.812

Type  : Slow 1100mV 0C Model Setup 'clk'
Slack : -1.708
TNS   : -366.501

Type  : Slow 1100mV 0C Model Hold 'clk'
Slack : 0.445
TNS   : 0.000

Type  : Slow 1100mV 0C Model Minimum Pulse Width 'clk'
Slack : -3.166
TNS   : -1353.142

Type  : Fast 1100mV 85C Model Setup 'clk'
Slack : -0.253
TNS   : -13.982

Type  : Fast 1100mV 85C Model Hold 'clk'
Slack : 0.169
TNS   : 0.000

Type  : Fast 1100mV 85C Model Minimum Pulse Width 'clk'
Slack : -2.174
TNS   : -811.660

Type  : Fast 1100mV 0C Model Setup 'clk'
Slack : -0.171
TNS   : -7.179

Type  : Fast 1100mV 0C Model Hold 'clk'
Slack : 0.113
TNS   : 0.000

Type  : Fast 1100mV 0C Model Minimum Pulse Width 'clk'
Slack : -2.174
TNS   : -812.121

------------------------------------------------------------
