------------------------------------------------------------
Timing Analyzer Summary
------------------------------------------------------------

Type  : Slow 1100mV 85C Model Setup 'clk'
Slack : -0.307
TNS   : -0.307

Type  : Slow 1100mV 85C Model Hold 'clk'
Slack : 0.558
TNS   : 0.000

Type  : Slow 1100mV 85C Model Minimum Pulse Width 'clk'
Slack : -0.724
TNS   : -3.323

Type  : Slow 1100mV 0C Model Setup 'clk'
Slack : -0.390
TNS   : -0.390

Type  : Slow 1100mV 0C Model Hold 'clk'
Slack : 0.614
TNS   : 0.000

Type  : Slow 1100mV 0C Model Minimum Pulse Width 'clk'
Slack : -0.724
TNS   : -3.397

Type  : Fast 1100mV 85C Model Setup 'clk'
Slack : 0.489
TNS   : 0.000

Type  : Fast 1100mV 85C Model Hold 'clk'
Slack : 0.184
TNS   : 0.000

Type  : Fast 1100mV 85C Model Minimum Pulse Width 'clk'
Slack : -0.080
TNS   : -0.234

Type  : Fast 1100mV 0C Model Setup 'clk'
Slack : 0.508
TNS   : 0.000

Type  : Fast 1100mV 0C Model Hold 'clk'
Slack : 0.176
TNS   : 0.000

Type  : Fast 1100mV 0C Model Minimum Pulse Width 'clk'
Slack : -0.080
TNS   : -0.236

------------------------------------------------------------
